A utility to work with .mbtiles file content

Usage: mbtiles <COMMAND>

Commands:
  meta-get    Gets a single value from the MBTiles metadata table
  copy        Copy tiles from one mbtiles file to another
  apply-diff  Apply diff file generated from 'copy' command
  help        Print this message or the help of the given subcommand(s)

Options:
  -h, --help     Print help
  -V, --version  Print version
