[
  {
    "id": "MixPoints",
    "content_type": "application/x-protobuf",
    "description": "MixedCase.MixPoints.Geom"
  },
  {
    "id": "function_Mixed_Name",
    "content_type": "application/x-protobuf",
    "description": "MixedCase.function_Mixed_Name"
  },
  {
    "id": "function_null",
    "content_type": "application/x-protobuf",
    "description": "public.function_null"
  },
  {
    "id": "function_null_row",
    "content_type": "application/x-protobuf",
    "description": "public.function_null_row"
  },
  {
    "id": "function_null_row2",
    "content_type": "application/x-protobuf",
    "description": "public.function_null_row2"
  },
  {
    "id": "function_zoom_xy",
    "content_type": "application/x-protobuf",
    "description": "public.function_zoom_xy"
  },
  {
    "id": "function_zxy",
    "content_type": "application/x-protobuf",
    "description": "public.function_zxy"
  },
  {
    "id": "function_zxy2",
    "content_type": "application/x-protobuf",
    "description": "public.function_zxy2"
  },
  {
    "id": "function_zxy_query",
    "content_type": "application/x-protobuf",
    "description": "public.function_zxy_query"
  },
  {
    "id": "function_zxy_query_jsonb",
    "content_type": "application/x-protobuf",
    "description": "public.function_zxy_query_jsonb"
  },
  {
    "id": "function_zxy_query_test",
    "content_type": "application/x-protobuf",
    "description": "public.function_zxy_query_test"
  },
  {
    "id": "function_zxy_row",
    "content_type": "application/x-protobuf",
    "description": "public.function_zxy_row"
  },
  {
    "id": "function_zxy_row_key",
    "content_type": "application/x-protobuf",
    "description": "public.function_zxy_row_key"
  },
  {
    "id": "geography-class-jpg",
    "content_type": "image/jpeg",
    "name": "Geography Class",
    "description": "One of the example maps that comes with TileMill - a bright & colorful world map that blends retro and high-tech with its folded paper texture and interactive flag tooltips. "
  },
  {
    "id": "geography-class-jpg-modified",
    "content_type": "image/jpeg",
    "name": "Geography Class",
    "description": "A modified version of one of the example maps that comes with TileMill - a bright & colorful world map that blends retro and high-tech with its folded paper texture and interactive flag tooltips."
  },
  {
    "id": "geography-class-png",
    "content_type": "image/png",
    "name": "Geography Class",
    "description": "One of the example maps that comes with TileMill - a bright & colorful world map that blends retro and high-tech with its folded paper texture and interactive flag tooltips. "
  },
  {
    "id": "geography-class-png-no-bounds",
    "content_type": "image/png",
    "name": "Geography Class",
    "description": "One of the example maps that comes with TileMill - a bright & colorful world map that blends retro and high-tech with its folded paper texture and interactive flag tooltips. "
  },
  {
    "id": "json",
    "content_type": "application/json",
    "name": "Dummy json data"
  },
  {
    "id": "png",
    "content_type": "image/png",
    "name": "ne2sr"
  },
  {
    "id": "points1",
    "content_type": "application/x-protobuf",
    "description": "public.points1.geom"
  },
  {
    "id": "points1_vw",
    "content_type": "application/x-protobuf",
    "description": "public.points1_vw.geom"
  },
  {
    "id": "points2",
    "content_type": "application/x-protobuf",
    "description": "public.points2.geom"
  },
  {
    "id": "points3857",
    "content_type": "application/x-protobuf",
    "description": "public.points3857.geom"
  },
  {
    "id": "points_empty_srid",
    "content_type": "application/x-protobuf",
    "description": "public.points_empty_srid.geom"
  },
  {
    "id": "stamen_toner__raster_CC-BY-ODbL_z3",
    "content_type": "image/png"
  },
  {
    "id": "table_source",
    "content_type": "application/x-protobuf",
    "description": "public.table_source.geom"
  },
  {
    "id": "table_source_multiple_geom",
    "content_type": "application/x-protobuf",
    "description": "public.table_source_multiple_geom.geom1"
  },
  {
    "id": "table_source_multiple_geom.1",
    "content_type": "application/x-protobuf",
    "description": "public.table_source_multiple_geom.geom2"
  },
  {
    "id": "uncompressed_mvt",
    "content_type": "application/x-protobuf",
    "name": "Major cities from Natural Earth data",
    "description": "Major cities from Natural Earth data"
  },
  {
    "id": "webp",
    "content_type": "image/webp",
    "name": "ne2sr"
  },
  {
    "id": "webp2",
    "content_type": "image/webp",
    "name": "ne2sr"
  },
  {
    "id": "world_cities",
    "content_type": "application/x-protobuf",
    "content_encoding": "gzip",
    "name": "Major cities from Natural Earth data",
    "description": "Major cities from Natural Earth data"
  },
  {
    "id": "world_cities_diff",
    "content_type": "application/x-protobuf",
    "name": "Major cities from Natural Earth data",
    "description": "Major cities from Natural Earth data"
  },
  {
    "id": "world_cities_modified",
    "content_type": "application/x-protobuf",
    "content_encoding": "gzip",
    "name": "Major cities from Natural Earth data",
    "description": "A modified version of major cities from Natural Earth data"
  }
]
